## Footprint report - date Sun Jul  2 00:04:41 2017
## Created by Pcbnew version kicad no-vcs-found-eadfff8~58~ubuntu16.04.1
## Unit = mm, Angle = deg.

$BeginDESCRIPTION

$BOARD
upper_left_corner 90.691320 81.452300
lower_right_corner 183.457400 112.691500
$EndBOARD

$MODULE "REF**"
reference "REF**"
value "VAL**"
footprint "UGL:UHK_Connector_Left_Inner_Pad"
attribut none
position 122.200000 108.800000  orientation 180.00
layer back
$PAD ""
Shape Rect Layer back
position  0.000000  0.000000  size  2.600000  2.600000  orientation 0.00
drill  0.000000
shape_offset  0.000000  0.000000
$EndPAD
$EndMODULE  REF**

$MODULE "REF**"
reference "REF**"
value "VAL**"
footprint "UGL:UHK_Connector_Left_Inner_Pad"
attribut none
position 118.800000 109.200000  orientation 180.00
layer back
$PAD ""
Shape Rect Layer back
position  0.000000  0.400000  size  2.600000  2.600000  orientation 0.00
drill  0.000000
shape_offset  0.000000  0.000000
$EndPAD
$EndMODULE  REF**

$MODULE "REF**"
reference "REF**"
value "VAL**"
footprint "UGL:UHK_Connector_Left_Inner_Drill"
attribut none
position 118.800000 109.200000  orientation 0.00
layer front
$PAD ""
Shape Circle Layer both
position  0.000000  0.000000  size  1.650000  1.650000  orientation 0.00
drill  1.650000
shape_offset  0.000000  0.000000
$EndPAD
$EndMODULE  REF**

$MODULE "REF**"
reference "REF**"
value "VAL**"
footprint "UGL:UHK_Connector_Left_Inner_Drill"
attribut none
position 122.200000 109.200000  orientation 0.00
layer front
$PAD ""
Shape Circle Layer both
position  0.000000  0.000000  size  1.650000  1.650000  orientation 0.00
drill  1.650000
shape_offset  0.000000  0.000000
$EndPAD
$EndMODULE  REF**

$MODULE "REF**"
reference "REF**"
value "VAL**"
footprint "UGL:UHK_Connector_Left_Inner_Drill"
attribut none
position 125.600000 109.200000  orientation 0.00
layer front
$PAD ""
Shape Circle Layer both
position  0.000000  0.000000  size  1.650000  1.650000  orientation 0.00
drill  1.650000
shape_offset  0.000000  0.000000
$EndPAD
$EndMODULE  REF**

$MODULE "REF**"
reference "REF**"
value "VAL**"
footprint "UGL:UHK_Connector_Left_Inner_Drill"
attribut none
position 129.000000 109.200000  orientation 0.00
layer front
$PAD ""
Shape Circle Layer both
position  0.000000  0.000000  size  1.650000  1.650000  orientation 0.00
drill  1.650000
shape_offset  0.000000  0.000000
$EndPAD
$EndMODULE  REF**

$MODULE "REF**"
reference "REF**"
value "VAL**"
footprint "UGL:UHK_Connector_Left_Inner_Drill"
attribut none
position 132.400000 109.200000  orientation 0.00
layer front
$PAD ""
Shape Circle Layer both
position  0.000000  0.000000  size  1.650000  1.650000  orientation 0.00
drill  1.650000
shape_offset  0.000000  0.000000
$EndPAD
$EndMODULE  REF**

$MODULE "REF**"
reference "REF**"
value "VAL**"
footprint "UGL:UHK_Connector_Left_Inner_Pad"
attribut none
position 125.600000 108.800000  orientation 180.00
layer back
$PAD ""
Shape Rect Layer back
position  0.000000  0.000000  size  2.600000  2.600000  orientation 0.00
drill  0.000000
shape_offset  0.000000  0.000000
$EndPAD
$EndMODULE  REF**

$MODULE "REF**"
reference "REF**"
value "VAL**"
footprint "UGL:UHK_Connector_Left_Inner_Pad"
attribut none
position 129.000000 108.800000  orientation 180.00
layer back
$PAD ""
Shape Rect Layer back
position  0.000000  0.000000  size  2.600000  2.600000  orientation 0.00
drill  0.000000
shape_offset  0.000000  0.000000
$EndPAD
$EndMODULE  REF**

$MODULE "REF**"
reference "REF**"
value "VAL**"
footprint "UGL:UHK_Connector_Left_Inner_Pad"
attribut none
position 132.400000 108.800000  orientation 180.00
layer back
$PAD ""
Shape Rect Layer back
position  0.000000  0.000000  size  2.600000  2.600000  orientation 0.00
drill  0.000000
shape_offset  0.000000  0.000000
$EndPAD
$EndMODULE  REF**

$MODULE "P21"
reference "P21"
value "CONN_1"
footprint "UGL:UHK_Connector_Right_Inner_Pad"
attribut none
position 146.310000 108.900000  orientation 0.00
layer back
$PAD "1"
Shape Rect Layer back
position -4.410000  0.000000  size  2.600000  2.600000  orientation 0.00
drill  0.000000
shape_offset  0.000000  0.000000
$EndPAD
$EndMODULE  P21

$MODULE "P23"
reference "P23"
value "CONN_1"
footprint "UGL:UHK_Connector_Right_Inner_Pad"
attribut none
position 151.150000 108.900000  orientation 0.00
layer back
$PAD "1"
Shape Rect Layer back
position -2.450000  0.000000  size  2.600000  2.600000  orientation 0.00
drill  0.000000
shape_offset  0.000000  0.000000
$EndPAD
$EndMODULE  P23

$MODULE "P24"
reference "P24"
value "CONN_1"
footprint "UGL:UHK_Connector_Right_Inner_Pad"
attribut none
position 153.570000 108.900000  orientation 0.00
layer back
$PAD "1"
Shape Rect Layer back
position -1.470000  0.000000  size  2.600000  2.600000  orientation 0.00
drill  0.000000
shape_offset  0.000000  0.000000
$EndPAD
$EndMODULE  P24

$MODULE "P22"
reference "P22"
value "CONN_1"
footprint "UGL:UHK_Connector_Right_Inner_Pad"
attribut none
position 148.730000 108.900000  orientation 0.00
layer back
$PAD "1"
Shape Rect Layer back
position -3.430000  0.000000  size  2.600000  2.600000  orientation 0.00
drill  0.000000
shape_offset  0.000000  0.000000
$EndPAD
$EndMODULE  P22

$MODULE "P25"
reference "P25"
value "CONN_1"
footprint "UGL:UHK_Connector_Right_Inner_Pad"
attribut none
position 155.990000 108.900000  orientation 0.00
layer back
$PAD "1"
Shape Rect Layer back
position -0.490000  0.000000  size  2.600000  2.600000  orientation 0.00
drill  0.000000
shape_offset  0.000000  0.000000
$EndPAD
$EndMODULE  P25

$MODULE "P11"
reference "P11"
value "CONN_1"
footprint "UGL:UHK_Connector_Right_Outer_Pad"
attribut none
position 141.900000 109.200000  orientation 0.00
layer front
$PAD "1"
Shape Circle Layer front
position  0.000000  0.000000  size  2.000000  2.000000  orientation 0.00
drill  0.000000
shape_offset  0.000000  0.000000
$EndPAD
$EndMODULE  P11

$MODULE "P12"
reference "P12"
value "CONN_1"
footprint "UGL:UHK_Connector_Right_Outer_Pad"
attribut none
position 145.300000 109.200000  orientation 0.00
layer front
$PAD "1"
Shape Circle Layer front
position  0.000000  0.000000  size  2.000000  2.000000  orientation 0.00
drill  0.000000
shape_offset  0.000000  0.000000
$EndPAD
$EndMODULE  P12

$MODULE "P13"
reference "P13"
value "CONN_1"
footprint "UGL:UHK_Connector_Right_Outer_Pad"
attribut none
position 148.700000 109.200000  orientation 0.00
layer front
$PAD "1"
Shape Circle Layer front
position  0.000000  0.000000  size  2.000000  2.000000  orientation 0.00
drill  0.000000
shape_offset  0.000000  0.000000
$EndPAD
$EndMODULE  P13

$MODULE "P14"
reference "P14"
value "CONN_1"
footprint "UGL:UHK_Connector_Right_Outer_Pad"
attribut none
position 152.100000 109.200000  orientation 0.00
layer front
$PAD "1"
Shape Circle Layer front
position  0.000000  0.000000  size  2.000000  2.000000  orientation 0.00
drill  0.000000
shape_offset  0.000000  0.000000
$EndPAD
$EndMODULE  P14

$MODULE "P15"
reference "P15"
value "CONN_1"
footprint "UGL:UHK_Connector_Right_Outer_Pad"
attribut none
position 155.500000 109.200000  orientation 0.00
layer front
$PAD "1"
Shape Circle Layer front
position  0.000000  0.000000  size  2.000000  2.000000  orientation 0.00
drill  0.000000
shape_offset  0.000000  0.000000
$EndPAD
$EndMODULE  P15

$EndDESCRIPTION
